2026-07-07T14:56:06.350Z | — | — | — | — | INFO | REPO-OP-CLASSIFIED | {"session_id":"ses_0c2ecd9a1ffeMHTmZRwxgCQ1Yi","tool":"","operation_kind":"read","provider":"git","command_summary":"git status","paths":[],"result":"allow","created_at":1783436166350}
2026-07-07T14:56:06.356Z | — | — | explore | — | INFO | REPO-READ-ALLOWED | {"session_id":"ses_0c2ecd9a1ffeMHTmZRwxgCQ1Yi","tool":"safe_repo_status","operation_kind":"read","provider":"git","command_summary":"git status","paths":[],"result":"success","created_at":1783436166356}
2026-07-07T15:12:58.235Z | — | — | — | — | INFO | REPO-OP-CLASSIFIED | {"session_id":"ses_0c2dc923affeG7zVfNUdg4NWBk","tool":"","operation_kind":"read","provider":"git","command_summary":"git status","paths":[],"result":"allow","created_at":1783437178235}
2026-07-07T15:12:58.241Z | — | — | Orchestrator | — | INFO | REPO-READ-ALLOWED | {"session_id":"ses_0c2dc923affeG7zVfNUdg4NWBk","tool":"safe_repo_status","operation_kind":"read","provider":"git","command_summary":"git status","paths":[],"result":"success","created_at":1783437178241}
2026-07-07T15:13:55.872Z | — | — | — | — | INFO | REPO-OP-CLASSIFIED | {"session_id":"ses_0c2dbdabdffe16n7MdOf7yK60q","tool":"","operation_kind":"read","provider":"git","command_summary":"git status","paths":[],"result":"allow","created_at":1783437235872}
2026-07-07T15:13:55.878Z | — | — | Orchestrator | — | INFO | REPO-READ-ALLOWED | {"session_id":"ses_0c2dbdabdffe16n7MdOf7yK60q","tool":"safe_repo_status","operation_kind":"read","provider":"git","command_summary":"git status","paths":[],"result":"success","created_at":1783437235878}
2026-07-07T15:13:56.085Z | — | — | — | — | INFO | REPO-OP-CLASSIFIED | {"session_id":"ses_0c2dbdabdffe16n7MdOf7yK60q","tool":"","operation_kind":"read","provider":"git","command_summary":"git log","paths":[],"result":"allow","created_at":1783437236085}
2026-07-07T15:13:56.087Z | — | — | Orchestrator | — | INFO | REPO-READ-ALLOWED | {"session_id":"ses_0c2dbdabdffe16n7MdOf7yK60q","tool":"safe_repo_log","operation_kind":"read","provider":"git","command_summary":"git log","paths":[],"result":"success","created_at":1783437236087}
2026-07-07T15:13:56.252Z | — | — | — | — | INFO | REPO-OP-CLASSIFIED | {"session_id":"ses_0c2dbdabdffe16n7MdOf7yK60q","tool":"","operation_kind":"read","provider":"git","command_summary":"git diff","paths":[],"result":"allow","created_at":1783437236252}
2026-07-07T15:13:56.263Z | — | — | Orchestrator | — | INFO | REPO-READ-ALLOWED | {"session_id":"ses_0c2dbdabdffe16n7MdOf7yK60q","tool":"safe_repo_diff","operation_kind":"read","provider":"git","command_summary":"git diff","paths":[],"result":"success","created_at":1783437236263}
2026-07-07T15:14:00.142Z | — | — | — | — | INFO | REPO-OP-CLASSIFIED | {"session_id":"ses_0c2dbdabdffe16n7MdOf7yK60q","tool":"","operation_kind":"read","provider":"git","command_summary":"git diff","paths":[],"result":"allow","created_at":1783437240142}
2026-07-07T15:14:00.144Z | — | — | Orchestrator | — | INFO | REPO-READ-ALLOWED | {"session_id":"ses_0c2dbdabdffe16n7MdOf7yK60q","tool":"safe_repo_diff","operation_kind":"read","provider":"git","command_summary":"git diff","paths":[],"result":"success","created_at":1783437240144}
2026-07-07T15:14:00.352Z | — | — | — | — | INFO | REPO-OP-CLASSIFIED | {"session_id":"ses_0c2dbdabdffe16n7MdOf7yK60q","tool":"","operation_kind":"read","provider":"git","command_summary":"git branch","paths":[],"result":"allow","created_at":1783437240352}
2026-07-07T15:14:00.354Z | — | — | Orchestrator | — | INFO | REPO-READ-ALLOWED | {"session_id":"ses_0c2dbdabdffe16n7MdOf7yK60q","tool":"safe_repo_branch","operation_kind":"read","provider":"git","command_summary":"git branch","paths":[],"result":"success","created_at":1783437240354}
2026-07-07T15:18:45.255Z | — | — | — | — | INFO | REPO-OP-CLASSIFIED | {"session_id":"ses_0c2d79fb3ffe6Ftd53HfzFHjPs","tool":"","operation_kind":"local_write","provider":"git","command_summary":"git add","paths":[],"result":"grant_required","created_at":1783437525255}
2026-07-07T15:18:55.334Z | — | — | — | — | INFO | REPO-OP-CLASSIFIED | {"session_id":"ses_0c2d79fb3ffe6Ftd53HfzFHjPs","tool":"","operation_kind":"local_write","provider":"git","command_summary":"git commit","paths":[],"result":"grant_required","created_at":1783437535334}
2026-07-07T15:24:48.161Z | — | — | — | — | INFO | REPO-OP-CLASSIFIED | {"session_id":"ses_0c2d1c3b0ffeY4J10QaNvNzIFy","tool":"","operation_kind":"read","provider":"git","command_summary":"git status","paths":[],"result":"allow","created_at":1783437888161}
2026-07-07T15:24:48.166Z | — | — | build | — | INFO | REPO-READ-ALLOWED | {"session_id":"ses_0c2d1c3b0ffeY4J10QaNvNzIFy","tool":"safe_repo_status","operation_kind":"read","provider":"git","command_summary":"git status","paths":[],"result":"success","created_at":1783437888166}
2026-07-07T15:24:53.296Z | — | — | — | — | INFO | REPO-OP-CLASSIFIED | {"session_id":"ses_0c2d1c3b0ffeY4J10QaNvNzIFy","tool":"","operation_kind":"local_write","provider":"git","command_summary":"git add","paths":[],"result":"grant_required","created_at":1783437893296}
2026-07-07T15:24:53.300Z | — | — | build | — | INFO | REPO-WRITE-STAGED | {"session_id":"ses_0c2d1c3b0ffeY4J10QaNvNzIFy","tool":"safe_repo_stage","operation_kind":"local_write","provider":"git","paths":["src/_e2e_test_fixture/g9-003-test.txt"],"grant_id":"c52ab65c-f8e6-4d53-9d07-8ff5894ebfc8","result":"staged","created_at":1783437893300}
2026-07-07T15:24:53.300Z | — | — | build | — | INFO | REPO-WRITE-STAGED | {"session_id":"ses_0c2d1c3b0ffeY4J10QaNvNzIFy","paths":["src/_e2e_test_fixture/g9-003-test.txt"],"grant_id":"c52ab65c-f8e6-4d53-9d07-8ff5894ebfc8"}
2026-07-07T15:24:57.161Z | — | — | — | — | INFO | REPO-OP-CLASSIFIED | {"session_id":"ses_0c2d1c3b0ffeY4J10QaNvNzIFy","tool":"","operation_kind":"local_write","provider":"git","command_summary":"git commit","paths":[],"result":"grant_required","created_at":1783437897161}
2026-07-07T15:24:57.401Z | — | — | build | — | INFO | REPO-COMMIT-SUCCESS | {"session_id":"ses_0c2d1c3b0ffeY4J10QaNvNzIFy","tool":"safe_repo_commit","operation_kind":"local_write","provider":"git","paths":["src/_e2e_test_fixture/g9-003-test.txt"],"grant_id":"c52ab65c-f8e6-4d53-9d07-8ff5894ebfc8","result":"success","commit_sha":"e02a561ad6de5c01f1f62e4581d5d27cd338f400","created_at":1783437897401}
2026-07-07T15:24:57.401Z | — | — | build | — | INFO | REPO-COMMIT-SUCCESS | {"session_id":"ses_0c2d1c3b0ffeY4J10QaNvNzIFy","commit_sha":"e02a561ad6de5c01f1f62e4581d5d27cd338f400","paths":["src/_e2e_test_fixture/g9-003-test.txt"],"grant_id":"c52ab65c-f8e6-4d53-9d07-8ff5894ebfc8"}
2026-07-07T15:25:34.635Z | — | — | — | — | INFO | REPO-OP-CLASSIFIED | {"session_id":"ses_0c2d21cfaffes1BwXxY9RMF3pi","tool":"","operation_kind":"read","provider":"git","command_summary":"git log","paths":[],"result":"allow","created_at":1783437934635}
2026-07-07T15:25:34.640Z | — | — | Orchestrator | — | INFO | REPO-READ-ALLOWED | {"session_id":"ses_0c2d21cfaffes1BwXxY9RMF3pi","tool":"safe_repo_log","operation_kind":"read","provider":"git","command_summary":"git log","paths":[],"result":"success","created_at":1783437934639}
2026-07-07T15:25:34.734Z | — | — | — | — | INFO | REPO-OP-CLASSIFIED | {"session_id":"ses_0c2d21cfaffes1BwXxY9RMF3pi","tool":"","operation_kind":"read","provider":"git","command_summary":"git status","paths":[],"result":"allow","created_at":1783437934734}
2026-07-07T15:25:34.739Z | — | — | Orchestrator | — | INFO | REPO-READ-ALLOWED | {"session_id":"ses_0c2d21cfaffes1BwXxY9RMF3pi","tool":"safe_repo_status","operation_kind":"read","provider":"git","command_summary":"git status","paths":[],"result":"success","created_at":1783437934739}
2026-07-07T15:25:38.441Z | — | — | — | — | INFO | REPO-OP-CLASSIFIED | {"session_id":"ses_0c2d21cfaffes1BwXxY9RMF3pi","tool":"","operation_kind":"read","provider":"git","command_summary":"git show","paths":[],"result":"allow","created_at":1783437938441}
2026-07-07T15:25:38.444Z | — | — | Orchestrator | — | INFO | REPO-READ-ALLOWED | {"session_id":"ses_0c2d21cfaffes1BwXxY9RMF3pi","tool":"safe_repo_show","operation_kind":"read","provider":"git","command_summary":"git show","paths":[],"result":"success","created_at":1783437938444}
2026-07-07T15:32:53.974Z | — | — | — | — | INFO | REPO-OP-CLASSIFIED | {"session_id":"ses_0c2ca2729ffev020XFH8QMnrgm","tool":"","operation_kind":"read","provider":"git","command_summary":"git status","paths":[],"result":"allow","created_at":1783438373974}
2026-07-07T15:32:53.980Z | — | — | general | — | INFO | REPO-READ-ALLOWED | {"session_id":"ses_0c2ca2729ffev020XFH8QMnrgm","tool":"safe_repo_status","operation_kind":"read","provider":"git","command_summary":"git status","paths":[],"result":"success","created_at":1783438373980}
2026-07-07T15:32:58.409Z | — | — | — | — | INFO | REPO-OP-CLASSIFIED | {"session_id":"ses_0c2ca2729ffev020XFH8QMnrgm","tool":"","operation_kind":"local_write","provider":"git","command_summary":"git add","paths":[],"result":"grant_required","created_at":1783438378409}
2026-07-07T15:32:58.409Z | — | — | general | — | INFO | REPO-WRITE-GRANT-MISSING | {"session_id":"ses_0c2ca2729ffev020XFH8QMnrgm","tool":"safe_repo_stage","operation_kind":"local_write","provider":"git","command_summary":"git add","paths":[],"result":"blocked","created_at":1783438378409}
2026-07-07T15:33:46.134Z | — | — | — | — | INFO | REPO-OP-CLASSIFIED | {"session_id":"ses_0c2c97fbfffeutAwttVt6eKxgi","tool":"","operation_kind":"remote_write","provider":"git","command_summary":"git push origin work-one","paths":[],"result":"human_confirmation_required","created_at":1783438426134}
2026-07-07T15:33:46.135Z | — | — | build | — | INFO | REPO-REMOTE-WRITE-BLOCKED | {"session_id":"ses_0c2c97fbfffeutAwttVt6eKxgi","tool":"safe_repo_push","operation_kind":"remote_write","result":"blocked","error":"No active remote_repo_write grant with human confirmation","created_at":1783438426135}
2026-07-07T15:33:46.744Z | — | — | — | — | INFO | REPO-OP-CLASSIFIED | {"session_id":"ses_0c2c97fbfffeutAwttVt6eKxgi","tool":"","operation_kind":"remote_write","provider":"gh","command_summary":"gh pr create","paths":[],"result":"human_confirmation_required","created_at":1783438426744}
2026-07-07T15:33:46.744Z | — | — | build | — | INFO | REPO-REMOTE-WRITE-BLOCKED | {"session_id":"ses_0c2c97fbfffeutAwttVt6eKxgi","tool":"safe_gh_pr_create","operation_kind":"remote_write","result":"blocked","error":"No active remote_repo_write grant with human confirmation","created_at":1783438426744}
2026-07-07T15:37:22.997Z | — | — | — | — | INFO | REPO-OP-CLASSIFIED | {"session_id":"ses_0c2c6141cffeqU7Om1clHUCFKi","tool":"","operation_kind":"read","provider":"git","command_summary":"git status","paths":[],"result":"allow","created_at":1783438642997}
2026-07-07T15:37:23.002Z | — | — | explore | — | INFO | REPO-READ-ALLOWED | {"session_id":"ses_0c2c6141cffeqU7Om1clHUCFKi","tool":"safe_repo_status","operation_kind":"read","provider":"git","command_summary":"git status","paths":[],"result":"success","created_at":1783438643002}
2026-07-07T15:38:17.259Z | — | — | — | — | INFO | REPO-OP-CLASSIFIED | {"session_id":"ses_0c2c53e0affe4ZTIB7eZS6R5d8","tool":"","operation_kind":"read","provider":"git","command_summary":"git status","paths":[],"result":"allow","created_at":1783438697259}
2026-07-07T15:38:17.265Z | — | — | explore | — | INFO | REPO-READ-ALLOWED | {"session_id":"ses_0c2c53e0affe4ZTIB7eZS6R5d8","tool":"safe_repo_status","operation_kind":"read","provider":"git","command_summary":"git status","paths":[],"result":"success","created_at":1783438697265}
